------------------------------------------------------------
Timing Analyzer Summary
------------------------------------------------------------

Type  : Slow 1200mV 85C Model Setup 'clk'
Slack : -9.137
TNS   : -306.082

Type  : Slow 1200mV 85C Model Setup 'pdm_clk_gen'
Slack : -4.930
TNS   : -1433.633

Type  : Slow 1200mV 85C Model Setup 'fifo_rdclk'
Slack : -3.671
TNS   : -2217.442

Type  : Slow 1200mV 85C Model Setup 'gen_ACC_clk:gpc|outclk'
Slack : -3.554
TNS   : -1844.170

Type  : Slow 1200mV 85C Model Hold 'gen_ACC_clk:gpc|outclk'
Slack : 0.288
TNS   : 0.000

Type  : Slow 1200mV 85C Model Hold 'pdm_clk_gen'
Slack : 0.315
TNS   : 0.000

Type  : Slow 1200mV 85C Model Hold 'fifo_rdclk'
Slack : 0.326
TNS   : 0.000

Type  : Slow 1200mV 85C Model Hold 'clk'
Slack : 0.359
TNS   : 0.000

Type  : Slow 1200mV 85C Model Minimum Pulse Width 'fifo_rdclk'
Slack : -3.901
TNS   : -2178.850

Type  : Slow 1200mV 85C Model Minimum Pulse Width 'gen_ACC_clk:gpc|outclk'
Slack : -3.901
TNS   : -1891.100

Type  : Slow 1200mV 85C Model Minimum Pulse Width 'pdm_clk_gen'
Slack : -3.901
TNS   : -806.631

Type  : Slow 1200mV 85C Model Minimum Pulse Width 'clk'
Slack : -3.000
TNS   : -90.733

Type  : Slow 1200mV 0C Model Setup 'clk'
Slack : -8.759
TNS   : -291.378

Type  : Slow 1200mV 0C Model Setup 'pdm_clk_gen'
Slack : -4.555
TNS   : -1317.068

Type  : Slow 1200mV 0C Model Setup 'fifo_rdclk'
Slack : -3.471
TNS   : -2067.000

Type  : Slow 1200mV 0C Model Setup 'gen_ACC_clk:gpc|outclk'
Slack : -3.411
TNS   : -1719.176

Type  : Slow 1200mV 0C Model Hold 'gen_ACC_clk:gpc|outclk'
Slack : 0.263
TNS   : 0.000

Type  : Slow 1200mV 0C Model Hold 'pdm_clk_gen'
Slack : 0.286
TNS   : 0.000

Type  : Slow 1200mV 0C Model Hold 'fifo_rdclk'
Slack : 0.294
TNS   : 0.000

Type  : Slow 1200mV 0C Model Hold 'clk'
Slack : 0.321
TNS   : 0.000

Type  : Slow 1200mV 0C Model Minimum Pulse Width 'fifo_rdclk'
Slack : -3.901
TNS   : -2178.850

Type  : Slow 1200mV 0C Model Minimum Pulse Width 'gen_ACC_clk:gpc|outclk'
Slack : -3.901
TNS   : -1891.100

Type  : Slow 1200mV 0C Model Minimum Pulse Width 'pdm_clk_gen'
Slack : -3.901
TNS   : -806.631

Type  : Slow 1200mV 0C Model Minimum Pulse Width 'clk'
Slack : -3.000
TNS   : -90.733

Type  : Fast 1200mV 0C Model Setup 'clk'
Slack : -3.109
TNS   : -92.344

Type  : Fast 1200mV 0C Model Setup 'pdm_clk_gen'
Slack : -1.436
TNS   : -334.173

Type  : Fast 1200mV 0C Model Setup 'fifo_rdclk'
Slack : -0.904
TNS   : -411.757

Type  : Fast 1200mV 0C Model Setup 'gen_ACC_clk:gpc|outclk'
Slack : -0.859
TNS   : -304.674

Type  : Fast 1200mV 0C Model Hold 'gen_ACC_clk:gpc|outclk'
Slack : 0.095
TNS   : 0.000

Type  : Fast 1200mV 0C Model Hold 'fifo_rdclk'
Slack : 0.105
TNS   : 0.000

Type  : Fast 1200mV 0C Model Hold 'pdm_clk_gen'
Slack : 0.112
TNS   : 0.000

Type  : Fast 1200mV 0C Model Hold 'clk'
Slack : 0.147
TNS   : 0.000

Type  : Fast 1200mV 0C Model Minimum Pulse Width 'clk'
Slack : -3.000
TNS   : -64.027

Type  : Fast 1200mV 0C Model Minimum Pulse Width 'gen_ACC_clk:gpc|outclk'
Slack : -1.000
TNS   : -1150.000

Type  : Fast 1200mV 0C Model Minimum Pulse Width 'fifo_rdclk'
Slack : -1.000
TNS   : -1100.000

Type  : Fast 1200mV 0C Model Minimum Pulse Width 'pdm_clk_gen'
Slack : -1.000
TNS   : -497.000

------------------------------------------------------------
