Timing Analyzer report for pdm_to_pcm
Mon Nov 25 22:50:23 2019
Quartus Prime Version 19.1.0 Build 670 09/22/2019 SJ Lite Edition


---------------------
; Table of Contents ;
---------------------
  1. Legal Notice
  2. Timing Analyzer Summary
  3. Parallel Compilation
  4. Clocks
  5. Slow 1200mV 85C Model Fmax Summary
  6. Slow 1200mV 85C Model Setup Summary
  7. Slow 1200mV 85C Model Hold Summary
  8. Slow 1200mV 85C Model Recovery Summary
  9. Slow 1200mV 85C Model Removal Summary
 10. Slow 1200mV 85C Model Minimum Pulse Width Summary
 11. Slow 1200mV 85C Model Metastability Summary
 12. Slow 1200mV 0C Model Fmax Summary
 13. Slow 1200mV 0C Model Setup Summary
 14. Slow 1200mV 0C Model Hold Summary
 15. Slow 1200mV 0C Model Recovery Summary
 16. Slow 1200mV 0C Model Removal Summary
 17. Slow 1200mV 0C Model Minimum Pulse Width Summary
 18. Slow 1200mV 0C Model Metastability Summary
 19. Fast 1200mV 0C Model Setup Summary
 20. Fast 1200mV 0C Model Hold Summary
 21. Fast 1200mV 0C Model Recovery Summary
 22. Fast 1200mV 0C Model Removal Summary
 23. Fast 1200mV 0C Model Minimum Pulse Width Summary
 24. Fast 1200mV 0C Model Metastability Summary
 25. Multicorner Timing Analysis Summary
 26. Board Trace Model Assignments
 27. Input Transition Times
 28. Signal Integrity Metrics (Slow 1200mv 0c Model)
 29. Signal Integrity Metrics (Slow 1200mv 85c Model)
 30. Signal Integrity Metrics (Fast 1200mv 0c Model)
 31. Setup Transfers
 32. Hold Transfers
 33. Report TCCS
 34. Report RSKM
 35. Unconstrained Paths Summary
 36. Clock Status Summary
 37. Unconstrained Input Ports
 38. Unconstrained Output Ports
 39. Unconstrained Input Ports
 40. Unconstrained Output Ports
 41. Timing Analyzer Messages



----------------
; Legal Notice ;
----------------
Copyright (C) 2019  Intel Corporation. All rights reserved.
Your use of Intel Corporation's design tools, logic functions 
and other software and tools, and any partner logic 
functions, and any output files from any of the foregoing 
(including device programming or simulation files), and any 
associated documentation or information are expressly subject 
to the terms and conditions of the Intel Program License 
Subscription Agreement, the Intel Quartus Prime License Agreement,
the Intel FPGA IP License Agreement, or other applicable license
agreement, including, without limitation, that your use is for
the sole purpose of programming logic devices manufactured by
Intel and sold by Intel or its authorized distributors.  Please
refer to the applicable agreement for further details, at
https://fpgasoftware.intel.com/eula.



+-----------------------------------------------------------------------------+
; Timing Analyzer Summary                                                     ;
+-----------------------+-----------------------------------------------------+
; Quartus Prime Version ; Version 19.1.0 Build 670 09/22/2019 SJ Lite Edition ;
; Timing Analyzer       ; Legacy Timing Analyzer                              ;
; Revision Name         ; pdm_to_pcm                                          ;
; Device Family         ; MAX 10                                              ;
; Device Name           ; 10M08SAE144C8G                                      ;
; Timing Models         ; Final                                               ;
; Delay Model           ; Combined                                            ;
; Rise/Fall Delays      ; Enabled                                             ;
+-----------------------+-----------------------------------------------------+


+------------------------------------------+
; Parallel Compilation                     ;
+----------------------------+-------------+
; Processors                 ; Number      ;
+----------------------------+-------------+
; Number detected on machine ; 16          ;
; Maximum allowed            ; 8           ;
;                            ;             ;
; Average used               ; 1.91        ;
; Maximum used               ; 8           ;
;                            ;             ;
; Usage by Processor         ; % Time Used ;
;     Processor 1            ; 100.0%      ;
;     Processor 2            ;  13.9%      ;
;     Processor 3            ;  13.0%      ;
;     Processor 4            ;  12.8%      ;
;     Processors 5-8         ;  12.7%      ;
+----------------------------+-------------+


+----------------------------------------------------------------------------------------------------------------------------------------------------------------------------------------------------------------+
; Clocks                                                                                                                                                                                                         ;
+------------------------+------+--------+------------+-------+-------+------------+-----------+-------------+-------+--------+-----------+------------+----------+--------+--------+----------------------------+
; Clock Name             ; Type ; Period ; Frequency  ; Rise  ; Fall  ; Duty Cycle ; Divide by ; Multiply by ; Phase ; Offset ; Edge List ; Edge Shift ; Inverted ; Master ; Source ; Targets                    ;
+------------------------+------+--------+------------+-------+-------+------------+-----------+-------------+-------+--------+-----------+------------+----------+--------+--------+----------------------------+
; clk                    ; Base ; 1.000  ; 1000.0 MHz ; 0.000 ; 0.500 ;            ;           ;             ;       ;        ;           ;            ;          ;        ;        ; { clk }                    ;
; fifo_rdclk             ; Base ; 1.000  ; 1000.0 MHz ; 0.000 ; 0.500 ;            ;           ;             ;       ;        ;           ;            ;          ;        ;        ; { fifo_rdclk }             ;
; gen_ACC_clk:gpc|outclk ; Base ; 1.000  ; 1000.0 MHz ; 0.000 ; 0.500 ;            ;           ;             ;       ;        ;           ;            ;          ;        ;        ; { gen_ACC_clk:gpc|outclk } ;
; pdm_clk_gen            ; Base ; 1.000  ; 1000.0 MHz ; 0.000 ; 0.500 ;            ;           ;             ;       ;        ;           ;            ;          ;        ;        ; { pdm_clk_gen }            ;
+------------------------+------+--------+------------+-------+-------+------------+-----------+-------------+-------+--------+-----------+------------+----------+--------+--------+----------------------------+


+--------------------------------------------------------------------------------------------------------+
; Slow 1200mV 85C Model Fmax Summary                                                                     ;
+------------+-----------------+------------------------+------------------------------------------------+
; Fmax       ; Restricted Fmax ; Clock Name             ; Note                                           ;
+------------+-----------------+------------------------+------------------------------------------------+
; 126.81 MHz ; 126.81 MHz      ; clk                    ;                                                ;
; 161.79 MHz ; 161.79 MHz      ; pdm_clk_gen            ;                                                ;
; 207.08 MHz ; 204.04 MHz      ; fifo_rdclk             ; limit due to minimum period restriction (tmin) ;
; 215.38 MHz ; 204.04 MHz      ; gen_ACC_clk:gpc|outclk ; limit due to minimum period restriction (tmin) ;
+------------+-----------------+------------------------+------------------------------------------------+
This panel reports FMAX for every clock in the design, regardless of the user-specified clock periods.  FMAX is only computed for paths where the source and destination registers or ports are driven by the same clock.  Paths of different clocks, including generated clocks, are ignored.  For paths between a clock and its inversion, FMAX is computed as if the rising and falling edges are scaled along with FMAX, such that the duty cycle (in terms of a percentage) is maintained. Altera recommends that you always use clock constraints and other slack reports for sign-off analysis.


+-------------------------------------------------+
; Slow 1200mV 85C Model Setup Summary             ;
+------------------------+--------+---------------+
; Clock                  ; Slack  ; End Point TNS ;
+------------------------+--------+---------------+
; clk                    ; -8.769 ; -301.302      ;
; pdm_clk_gen            ; -5.181 ; -1437.943     ;
; fifo_rdclk             ; -3.829 ; -2160.846     ;
; gen_ACC_clk:gpc|outclk ; -3.643 ; -1823.450     ;
+------------------------+--------+---------------+


+------------------------------------------------+
; Slow 1200mV 85C Model Hold Summary             ;
+------------------------+-------+---------------+
; Clock                  ; Slack ; End Point TNS ;
+------------------------+-------+---------------+
; gen_ACC_clk:gpc|outclk ; 0.303 ; 0.000         ;
; fifo_rdclk             ; 0.316 ; 0.000         ;
; clk                    ; 0.341 ; 0.000         ;
; pdm_clk_gen            ; 0.486 ; 0.000         ;
+------------------------+-------+---------------+


------------------------------------------
; Slow 1200mV 85C Model Recovery Summary ;
------------------------------------------
No paths to report.


-----------------------------------------
; Slow 1200mV 85C Model Removal Summary ;
-----------------------------------------
No paths to report.


+---------------------------------------------------+
; Slow 1200mV 85C Model Minimum Pulse Width Summary ;
+------------------------+--------+-----------------+
; Clock                  ; Slack  ; End Point TNS   ;
+------------------------+--------+-----------------+
; fifo_rdclk             ; -3.901 ; -2178.850       ;
; gen_ACC_clk:gpc|outclk ; -3.901 ; -1891.100       ;
; pdm_clk_gen            ; -3.901 ; -806.631        ;
; clk                    ; -3.000 ; -90.733         ;
+------------------------+--------+-----------------+


-----------------------------------------------
; Slow 1200mV 85C Model Metastability Summary ;
-----------------------------------------------
Design MTBF is not calculated because the design doesn't meet its timing requirements.



+--------------------------------------------------------------------------------------------------------+
; Slow 1200mV 0C Model Fmax Summary                                                                      ;
+------------+-----------------+------------------------+------------------------------------------------+
; Fmax       ; Restricted Fmax ; Clock Name             ; Note                                           ;
+------------+-----------------+------------------------+------------------------------------------------+
; 133.62 MHz ; 133.62 MHz      ; clk                    ;                                                ;
; 173.58 MHz ; 173.58 MHz      ; pdm_clk_gen            ;                                                ;
; 215.52 MHz ; 204.04 MHz      ; fifo_rdclk             ; limit due to minimum period restriction (tmin) ;
; 229.15 MHz ; 204.04 MHz      ; gen_ACC_clk:gpc|outclk ; limit due to minimum period restriction (tmin) ;
+------------+-----------------+------------------------+------------------------------------------------+
This panel reports FMAX for every clock in the design, regardless of the user-specified clock periods.  FMAX is only computed for paths where the source and destination registers or ports are driven by the same clock.  Paths of different clocks, including generated clocks, are ignored.  For paths between a clock and its inversion, FMAX is computed as if the rising and falling edges are scaled along with FMAX, such that the duty cycle (in terms of a percentage) is maintained. Altera recommends that you always use clock constraints and other slack reports for sign-off analysis.


+-------------------------------------------------+
; Slow 1200mV 0C Model Setup Summary              ;
+------------------------+--------+---------------+
; Clock                  ; Slack  ; End Point TNS ;
+------------------------+--------+---------------+
; clk                    ; -8.333 ; -284.841      ;
; pdm_clk_gen            ; -4.761 ; -1321.112     ;
; fifo_rdclk             ; -3.640 ; -2006.856     ;
; gen_ACC_clk:gpc|outclk ; -3.364 ; -1693.732     ;
+------------------------+--------+---------------+


+------------------------------------------------+
; Slow 1200mV 0C Model Hold Summary              ;
+------------------------+-------+---------------+
; Clock                  ; Slack ; End Point TNS ;
+------------------------+-------+---------------+
; gen_ACC_clk:gpc|outclk ; 0.273 ; 0.000         ;
; fifo_rdclk             ; 0.285 ; 0.000         ;
; clk                    ; 0.305 ; 0.000         ;
; pdm_clk_gen            ; 0.435 ; 0.000         ;
+------------------------+-------+---------------+


-----------------------------------------
; Slow 1200mV 0C Model Recovery Summary ;
-----------------------------------------
No paths to report.


----------------------------------------
; Slow 1200mV 0C Model Removal Summary ;
----------------------------------------
No paths to report.


+--------------------------------------------------+
; Slow 1200mV 0C Model Minimum Pulse Width Summary ;
+------------------------+--------+----------------+
; Clock                  ; Slack  ; End Point TNS  ;
+------------------------+--------+----------------+
; fifo_rdclk             ; -3.901 ; -2178.850      ;
; gen_ACC_clk:gpc|outclk ; -3.901 ; -1891.100      ;
; pdm_clk_gen            ; -3.901 ; -806.631       ;
; clk                    ; -3.000 ; -90.733        ;
+------------------------+--------+----------------+


----------------------------------------------
; Slow 1200mV 0C Model Metastability Summary ;
----------------------------------------------
Design MTBF is not calculated because the design doesn't meet its timing requirements.



+-------------------------------------------------+
; Fast 1200mV 0C Model Setup Summary              ;
+------------------------+--------+---------------+
; Clock                  ; Slack  ; End Point TNS ;
+------------------------+--------+---------------+
; clk                    ; -2.878 ; -88.311       ;
; pdm_clk_gen            ; -1.555 ; -328.728      ;
; fifo_rdclk             ; -0.973 ; -390.331      ;
; gen_ACC_clk:gpc|outclk ; -0.899 ; -296.665      ;
+------------------------+--------+---------------+


+------------------------------------------------+
; Fast 1200mV 0C Model Hold Summary              ;
+------------------------+-------+---------------+
; Clock                  ; Slack ; End Point TNS ;
+------------------------+-------+---------------+
; fifo_rdclk             ; 0.100 ; 0.000         ;
; gen_ACC_clk:gpc|outclk ; 0.102 ; 0.000         ;
; clk                    ; 0.143 ; 0.000         ;
; pdm_clk_gen            ; 0.152 ; 0.000         ;
+------------------------+-------+---------------+


-----------------------------------------
; Fast 1200mV 0C Model Recovery Summary ;
-----------------------------------------
No paths to report.


----------------------------------------
; Fast 1200mV 0C Model Removal Summary ;
----------------------------------------
No paths to report.


+--------------------------------------------------+
; Fast 1200mV 0C Model Minimum Pulse Width Summary ;
+------------------------+--------+----------------+
; Clock                  ; Slack  ; End Point TNS  ;
+------------------------+--------+----------------+
; clk                    ; -3.000 ; -64.145        ;
; gen_ACC_clk:gpc|outclk ; -1.000 ; -1150.000      ;
; fifo_rdclk             ; -1.000 ; -1100.000      ;
; pdm_clk_gen            ; -1.000 ; -497.000       ;
+------------------------+--------+----------------+


----------------------------------------------
; Fast 1200mV 0C Model Metastability Summary ;
----------------------------------------------
Design MTBF is not calculated because the design doesn't meet its timing requirements.



+----------------------------------------------------------------------------------------+
; Multicorner Timing Analysis Summary                                                    ;
+-------------------------+-----------+-------+----------+---------+---------------------+
; Clock                   ; Setup     ; Hold  ; Recovery ; Removal ; Minimum Pulse Width ;
+-------------------------+-----------+-------+----------+---------+---------------------+
; Worst-case Slack        ; -8.769    ; 0.100 ; N/A      ; N/A     ; -3.901              ;
;  clk                    ; -8.769    ; 0.143 ; N/A      ; N/A     ; -3.000              ;
;  fifo_rdclk             ; -3.829    ; 0.100 ; N/A      ; N/A     ; -3.901              ;
;  gen_ACC_clk:gpc|outclk ; -3.643    ; 0.102 ; N/A      ; N/A     ; -3.901              ;
;  pdm_clk_gen            ; -5.181    ; 0.152 ; N/A      ; N/A     ; -3.901              ;
; Design-wide TNS         ; -5723.541 ; 0.0   ; 0.0      ; 0.0     ; -4967.314           ;
;  clk                    ; -301.302  ; 0.000 ; N/A      ; N/A     ; -90.733             ;
;  fifo_rdclk             ; -2160.846 ; 0.000 ; N/A      ; N/A     ; -2178.850           ;
;  gen_ACC_clk:gpc|outclk ; -1823.450 ; 0.000 ; N/A      ; N/A     ; -1891.100           ;
;  pdm_clk_gen            ; -1437.943 ; 0.000 ; N/A      ; N/A     ; -806.631            ;
+-------------------------+-----------+-------+----------+---------+---------------------+


+-----------------------------------------------------------------------------------------------------------------------------------------------------------------------------------------------------------------------------------------------------------------------------------------------------------------------------------------------------------------------------------------------------------------+
; Board Trace Model Assignments                                                                                                                                                                                                                                                                                                                                                                                   ;
+--------------+--------------+-------------------+-------------------------+-------------------------+---------------+---------------------+----------------+------------------+--------+------------------+------------------------+------------------------+--------------+---------------+-----------------+-------+---------------------+--------------------+---------------+-----------------+-------------+
; Pin          ; I/O Standard ; Near Tline Length ; Near Tline L per Length ; Near Tline C per Length ; Near Series R ; Near Differential R ; Near Pull-up R ; Near Pull-down R ; Near C ; Far Tline Length ; Far Tline L per Length ; Far Tline C per Length ; Far Series R ; Far Pull-up R ; Far Pull-down R ; Far C ; Termination Voltage ; Far Differential R ; EBD File Name ; EBD Signal Name ; EBD Far-end ;
+--------------+--------------+-------------------+-------------------------+-------------------------+---------------+---------------------+----------------+------------------+--------+------------------+------------------------+------------------------+--------------+---------------+-----------------+-------+---------------------+--------------------+---------------+-----------------+-------------+
; pdm_clk      ; 3.3-V LVCMOS ; 0 in              ; 0 H/in                  ; 0 F/in                  ; short         ; -                   ; open           ; open             ; open   ; 0 in             ; 0 H/in                 ; 0 F/in                 ; short        ; open          ; open            ; open  ; 0 V                 ; -                  ; n/a           ; n/a             ; n/a         ;
; miso         ; 3.3-V LVCMOS ; 0 in              ; 0 H/in                  ; 0 F/in                  ; short         ; -                   ; open           ; open             ; open   ; 0 in             ; 0 H/in                 ; 0 F/in                 ; short        ; open          ; open            ; open  ; 0 V                 ; -                  ; n/a           ; n/a             ; n/a         ;
; accum_clk    ; 3.3-V LVCMOS ; 0 in              ; 0 H/in                  ; 0 F/in                  ; short         ; -                   ; open           ; open             ; open   ; 0 in             ; 0 H/in                 ; 0 F/in                 ; short        ; open          ; open            ; open  ; 0 V                 ; -                  ; n/a           ; n/a             ; n/a         ;
; ~ALTERA_TDO~ ; 2.5 V        ; 0 in              ; 0 H/in                  ; 0 F/in                  ; short         ; -                   ; open           ; open             ; open   ; 0 in             ; 0 H/in                 ; 0 F/in                 ; short        ; open          ; open            ; open  ; 0 V                 ; -                  ; n/a           ; n/a             ; n/a         ;
+--------------+--------------+-------------------+-------------------------+-------------------------+---------------+---------------------+----------------+------------------+--------+------------------+------------------------+------------------------+--------------+---------------+-----------------+-------+---------------------+--------------------+---------------+-----------------+-------------+


+---------------------------------------------------------------------------------+
; Input Transition Times                                                          ;
+---------------------+-----------------------+-----------------+-----------------+
; Pin                 ; I/O Standard          ; 10-90 Rise Time ; 90-10 Fall Time ;
+---------------------+-----------------------+-----------------+-----------------+
; mosi                ; 3.3-V LVCMOS          ; 2640 ps         ; 2640 ps         ;
; clk                 ; 2.5 V                 ; 2000 ps         ; 2000 ps         ;
; ssel                ; 3.3-V LVCMOS          ; 2640 ps         ; 2640 ps         ;
; sck                 ; 3.3-V LVCMOS          ; 2640 ps         ; 2640 ps         ;
; pdm[22]             ; 3.3-V LVCMOS          ; 2640 ps         ; 2640 ps         ;
; pdm[21]             ; 3.3-V LVCMOS          ; 2640 ps         ; 2640 ps         ;
; pdm[20]             ; 3.3-V LVCMOS          ; 2640 ps         ; 2640 ps         ;
; pdm[23]             ; 3.3-V LVCMOS          ; 2640 ps         ; 2640 ps         ;
; pdm[9]              ; 3.3-V LVCMOS          ; 2640 ps         ; 2640 ps         ;
; pdm[5]              ; 3.3-V LVCMOS          ; 2640 ps         ; 2640 ps         ;
; pdm[1]              ; 3.3-V LVCMOS          ; 2640 ps         ; 2640 ps         ;
; pdm[13]             ; 3.3-V LVCMOS          ; 2640 ps         ; 2640 ps         ;
; pdm[10]             ; 3.3-V LVCMOS          ; 2640 ps         ; 2640 ps         ;
; pdm[6]              ; 3.3-V LVCMOS          ; 2640 ps         ; 2640 ps         ;
; pdm[2]              ; 3.3-V LVCMOS          ; 2640 ps         ; 2640 ps         ;
; pdm[14]             ; 3.3-V LVCMOS          ; 2640 ps         ; 2640 ps         ;
; pdm[8]              ; 3.3-V LVCMOS          ; 2640 ps         ; 2640 ps         ;
; pdm[4]              ; 3.3-V LVCMOS          ; 2640 ps         ; 2640 ps         ;
; pdm[0]              ; 3.3-V LVCMOS          ; 2640 ps         ; 2640 ps         ;
; pdm[12]             ; 3.3-V LVCMOS          ; 2640 ps         ; 2640 ps         ;
; pdm[7]              ; 3.3-V LVCMOS          ; 2640 ps         ; 2640 ps         ;
; pdm[11]             ; 3.3-V LVCMOS          ; 2640 ps         ; 2640 ps         ;
; pdm[3]              ; 3.3-V LVCMOS          ; 2640 ps         ; 2640 ps         ;
; pdm[15]             ; 3.3-V LVCMOS          ; 2640 ps         ; 2640 ps         ;
; pdm[17]             ; 3.3-V LVCMOS          ; 2640 ps         ; 2640 ps         ;
; pdm[18]             ; 3.3-V LVCMOS          ; 2640 ps         ; 2640 ps         ;
; pdm[16]             ; 3.3-V LVCMOS          ; 2640 ps         ; 2640 ps         ;
; pdm[19]             ; 3.3-V LVCMOS          ; 2640 ps         ; 2640 ps         ;
; pdm[24]             ; 3.3-V LVCMOS          ; 2640 ps         ; 2640 ps         ;
; ~ALTERA_TMS~        ; 2.5 V Schmitt Trigger ; 2000 ps         ; 2000 ps         ;
; ~ALTERA_TCK~        ; 2.5 V Schmitt Trigger ; 2000 ps         ; 2000 ps         ;
; ~ALTERA_TDI~        ; 2.5 V Schmitt Trigger ; 2000 ps         ; 2000 ps         ;
; ~ALTERA_CONFIG_SEL~ ; 2.5 V                 ; 2000 ps         ; 2000 ps         ;
; ~ALTERA_nCONFIG~    ; 2.5 V Schmitt Trigger ; 2000 ps         ; 2000 ps         ;
; ~ALTERA_nSTATUS~    ; 2.5 V Schmitt Trigger ; 2000 ps         ; 2000 ps         ;
; ~ALTERA_CONF_DONE~  ; 2.5 V Schmitt Trigger ; 2000 ps         ; 2000 ps         ;
+---------------------+-----------------------+-----------------+-----------------+


+-------------------------------------------------------------------------------------------------------------------------------------------------------------------------------------------------------------------------------------------------------------------------------------------------------------------------------------------------------------------------------------------------------------------------------------------------------------------------------------------------------------------------------------------------------------------------------------------------------------------------------------------------------------------------------------------+
; Signal Integrity Metrics (Slow 1200mv 0c Model)                                                                                                                                                                                                                                                                                                                                                                                                                                                                                                                                                                                                                                           ;
+--------------+--------------+---------------------+---------------------+------------------------------+------------------------------+---------------------+---------------------+--------------------------------------+--------------------------------------+-----------------------------+-----------------------------+----------------------------+----------------------------+-----------------------------+-----------------------------+--------------------+--------------------+-------------------------------------+-------------------------------------+----------------------------+----------------------------+---------------------------+---------------------------+
; Pin          ; I/O Standard ; Board Delay on Rise ; Board Delay on Fall ; Steady State Voh at FPGA Pin ; Steady State Vol at FPGA Pin ; Voh Max at FPGA Pin ; Vol Min at FPGA Pin ; Ringback Voltage on Rise at FPGA Pin ; Ringback Voltage on Fall at FPGA Pin ; 10-90 Rise Time at FPGA Pin ; 90-10 Fall Time at FPGA Pin ; Monotonic Rise at FPGA Pin ; Monotonic Fall at FPGA Pin ; Steady State Voh at Far-end ; Steady State Vol at Far-end ; Voh Max at Far-end ; Vol Min at Far-end ; Ringback Voltage on Rise at Far-end ; Ringback Voltage on Fall at Far-end ; 10-90 Rise Time at Far-end ; 90-10 Fall Time at Far-end ; Monotonic Rise at Far-end ; Monotonic Fall at Far-end ;
+--------------+--------------+---------------------+---------------------+------------------------------+------------------------------+---------------------+---------------------+--------------------------------------+--------------------------------------+-----------------------------+-----------------------------+----------------------------+----------------------------+-----------------------------+-----------------------------+--------------------+--------------------+-------------------------------------+-------------------------------------+----------------------------+----------------------------+---------------------------+---------------------------+
; pdm_clk      ; 3.3-V LVCMOS ; 0 s                 ; 0 s                 ; 3.08 V                       ; 3.68e-08 V                   ; 3.12 V              ; -0.0411 V           ; 0.283 V                              ; 0.209 V                              ; 9e-10 s                     ; 1.03e-09 s                  ; No                         ; No                         ; 3.08 V                      ; 3.68e-08 V                  ; 3.12 V             ; -0.0411 V          ; 0.283 V                             ; 0.209 V                             ; 9e-10 s                    ; 1.03e-09 s                 ; No                        ; No                        ;
; miso         ; 3.3-V LVCMOS ; 0 s                 ; 0 s                 ; 3.08 V                       ; 3.68e-08 V                   ; 3.12 V              ; -0.0411 V           ; 0.283 V                              ; 0.209 V                              ; 9e-10 s                     ; 1.03e-09 s                  ; No                         ; No                         ; 3.08 V                      ; 3.68e-08 V                  ; 3.12 V             ; -0.0411 V          ; 0.283 V                             ; 0.209 V                             ; 9e-10 s                    ; 1.03e-09 s                 ; No                        ; No                        ;
; accum_clk    ; 3.3-V LVCMOS ; 0 s                 ; 0 s                 ; 3.08 V                       ; 3.68e-08 V                   ; 3.12 V              ; -0.0417 V           ; 0.287 V                              ; 0.209 V                              ; 8.99e-10 s                  ; 1.03e-09 s                  ; No                         ; No                         ; 3.08 V                      ; 3.68e-08 V                  ; 3.12 V             ; -0.0417 V          ; 0.287 V                             ; 0.209 V                             ; 8.99e-10 s                 ; 1.03e-09 s                 ; No                        ; No                        ;
; ~ALTERA_TDO~ ; 2.5 V        ; 0 s                 ; 0 s                 ; 2.32 V                       ; 7.49e-09 V                   ; 2.38 V              ; -0.0491 V           ; 0.231 V                              ; 0.154 V                              ; 4.84e-10 s                  ; 6.18e-10 s                  ; Yes                        ; No                         ; 2.32 V                      ; 7.49e-09 V                  ; 2.38 V             ; -0.0491 V          ; 0.231 V                             ; 0.154 V                             ; 4.84e-10 s                 ; 6.18e-10 s                 ; Yes                       ; No                        ;
+--------------+--------------+---------------------+---------------------+------------------------------+------------------------------+---------------------+---------------------+--------------------------------------+--------------------------------------+-----------------------------+-----------------------------+----------------------------+----------------------------+-----------------------------+-----------------------------+--------------------+--------------------+-------------------------------------+-------------------------------------+----------------------------+----------------------------+---------------------------+---------------------------+


+-------------------------------------------------------------------------------------------------------------------------------------------------------------------------------------------------------------------------------------------------------------------------------------------------------------------------------------------------------------------------------------------------------------------------------------------------------------------------------------------------------------------------------------------------------------------------------------------------------------------------------------------------------------------------------------------+
; Signal Integrity Metrics (Slow 1200mv 85c Model)                                                                                                                                                                                                                                                                                                                                                                                                                                                                                                                                                                                                                                          ;
+--------------+--------------+---------------------+---------------------+------------------------------+------------------------------+---------------------+---------------------+--------------------------------------+--------------------------------------+-----------------------------+-----------------------------+----------------------------+----------------------------+-----------------------------+-----------------------------+--------------------+--------------------+-------------------------------------+-------------------------------------+----------------------------+----------------------------+---------------------------+---------------------------+
; Pin          ; I/O Standard ; Board Delay on Rise ; Board Delay on Fall ; Steady State Voh at FPGA Pin ; Steady State Vol at FPGA Pin ; Voh Max at FPGA Pin ; Vol Min at FPGA Pin ; Ringback Voltage on Rise at FPGA Pin ; Ringback Voltage on Fall at FPGA Pin ; 10-90 Rise Time at FPGA Pin ; 90-10 Fall Time at FPGA Pin ; Monotonic Rise at FPGA Pin ; Monotonic Fall at FPGA Pin ; Steady State Voh at Far-end ; Steady State Vol at Far-end ; Voh Max at Far-end ; Vol Min at Far-end ; Ringback Voltage on Rise at Far-end ; Ringback Voltage on Fall at Far-end ; 10-90 Rise Time at Far-end ; 90-10 Fall Time at Far-end ; Monotonic Rise at Far-end ; Monotonic Fall at Far-end ;
+--------------+--------------+---------------------+---------------------+------------------------------+------------------------------+---------------------+---------------------+--------------------------------------+--------------------------------------+-----------------------------+-----------------------------+----------------------------+----------------------------+-----------------------------+-----------------------------+--------------------+--------------------+-------------------------------------+-------------------------------------+----------------------------+----------------------------+---------------------------+---------------------------+
; pdm_clk      ; 3.3-V LVCMOS ; 0 s                 ; 0 s                 ; 3.08 V                       ; 2.3e-06 V                    ; 3.1 V               ; -0.018 V            ; 0.27 V                               ; 0.216 V                              ; 1.11e-09 s                  ; 1.22e-09 s                  ; Yes                        ; Yes                        ; 3.08 V                      ; 2.3e-06 V                   ; 3.1 V              ; -0.018 V           ; 0.27 V                              ; 0.216 V                             ; 1.11e-09 s                 ; 1.22e-09 s                 ; Yes                       ; Yes                       ;
; miso         ; 3.3-V LVCMOS ; 0 s                 ; 0 s                 ; 3.08 V                       ; 2.3e-06 V                    ; 3.1 V               ; -0.018 V            ; 0.27 V                               ; 0.216 V                              ; 1.11e-09 s                  ; 1.22e-09 s                  ; Yes                        ; Yes                        ; 3.08 V                      ; 2.3e-06 V                   ; 3.1 V              ; -0.018 V           ; 0.27 V                              ; 0.216 V                             ; 1.11e-09 s                 ; 1.22e-09 s                 ; Yes                       ; Yes                       ;
; accum_clk    ; 3.3-V LVCMOS ; 0 s                 ; 0 s                 ; 3.08 V                       ; 2.3e-06 V                    ; 3.1 V               ; -0.018 V            ; 0.27 V                               ; 0.217 V                              ; 1.11e-09 s                  ; 1.22e-09 s                  ; Yes                        ; Yes                        ; 3.08 V                      ; 2.3e-06 V                   ; 3.1 V              ; -0.018 V           ; 0.27 V                              ; 0.217 V                             ; 1.11e-09 s                 ; 1.22e-09 s                 ; Yes                       ; Yes                       ;
; ~ALTERA_TDO~ ; 2.5 V        ; 0 s                 ; 0 s                 ; 2.32 V                       ; 7.88e-07 V                   ; 2.36 V              ; -0.0208 V           ; 0.162 V                              ; 0.123 V                              ; 6.58e-10 s                  ; 7.78e-10 s                  ; No                         ; Yes                        ; 2.32 V                      ; 7.88e-07 V                  ; 2.36 V             ; -0.0208 V          ; 0.162 V                             ; 0.123 V                             ; 6.58e-10 s                 ; 7.78e-10 s                 ; No                        ; Yes                       ;
+--------------+--------------+---------------------+---------------------+------------------------------+------------------------------+---------------------+---------------------+--------------------------------------+--------------------------------------+-----------------------------+-----------------------------+----------------------------+----------------------------+-----------------------------+-----------------------------+--------------------+--------------------+-------------------------------------+-------------------------------------+----------------------------+----------------------------+---------------------------+---------------------------+


+-------------------------------------------------------------------------------------------------------------------------------------------------------------------------------------------------------------------------------------------------------------------------------------------------------------------------------------------------------------------------------------------------------------------------------------------------------------------------------------------------------------------------------------------------------------------------------------------------------------------------------------------------------------------------------------------+
; Signal Integrity Metrics (Fast 1200mv 0c Model)                                                                                                                                                                                                                                                                                                                                                                                                                                                                                                                                                                                                                                           ;
+--------------+--------------+---------------------+---------------------+------------------------------+------------------------------+---------------------+---------------------+--------------------------------------+--------------------------------------+-----------------------------+-----------------------------+----------------------------+----------------------------+-----------------------------+-----------------------------+--------------------+--------------------+-------------------------------------+-------------------------------------+----------------------------+----------------------------+---------------------------+---------------------------+
; Pin          ; I/O Standard ; Board Delay on Rise ; Board Delay on Fall ; Steady State Voh at FPGA Pin ; Steady State Vol at FPGA Pin ; Voh Max at FPGA Pin ; Vol Min at FPGA Pin ; Ringback Voltage on Rise at FPGA Pin ; Ringback Voltage on Fall at FPGA Pin ; 10-90 Rise Time at FPGA Pin ; 90-10 Fall Time at FPGA Pin ; Monotonic Rise at FPGA Pin ; Monotonic Fall at FPGA Pin ; Steady State Voh at Far-end ; Steady State Vol at Far-end ; Voh Max at Far-end ; Vol Min at Far-end ; Ringback Voltage on Rise at Far-end ; Ringback Voltage on Fall at Far-end ; 10-90 Rise Time at Far-end ; 90-10 Fall Time at Far-end ; Monotonic Rise at Far-end ; Monotonic Fall at Far-end ;
+--------------+--------------+---------------------+---------------------+------------------------------+------------------------------+---------------------+---------------------+--------------------------------------+--------------------------------------+-----------------------------+-----------------------------+----------------------------+----------------------------+-----------------------------+-----------------------------+--------------------+--------------------+-------------------------------------+-------------------------------------+----------------------------+----------------------------+---------------------------+---------------------------+
; pdm_clk      ; 3.3-V LVCMOS ; 0 s                 ; 0 s                 ; 3.46 V                       ; 8.93e-07 V                   ; 3.52 V              ; -0.0321 V           ; 0.324 V                              ; 0.176 V                              ; 6.87e-10 s                  ; 8.14e-10 s                  ; No                         ; Yes                        ; 3.46 V                      ; 8.93e-07 V                  ; 3.52 V             ; -0.0321 V          ; 0.324 V                             ; 0.176 V                             ; 6.87e-10 s                 ; 8.14e-10 s                 ; No                        ; Yes                       ;
; miso         ; 3.3-V LVCMOS ; 0 s                 ; 0 s                 ; 3.46 V                       ; 8.93e-07 V                   ; 3.52 V              ; -0.0321 V           ; 0.324 V                              ; 0.176 V                              ; 6.87e-10 s                  ; 8.14e-10 s                  ; No                         ; Yes                        ; 3.46 V                      ; 8.93e-07 V                  ; 3.52 V             ; -0.0321 V          ; 0.324 V                             ; 0.176 V                             ; 6.87e-10 s                 ; 8.14e-10 s                 ; No                        ; Yes                       ;
; accum_clk    ; 3.3-V LVCMOS ; 0 s                 ; 0 s                 ; 3.46 V                       ; 8.93e-07 V                   ; 3.53 V              ; -0.0325 V           ; 0.324 V                              ; 0.176 V                              ; 6.87e-10 s                  ; 8.14e-10 s                  ; No                         ; Yes                        ; 3.46 V                      ; 8.93e-07 V                  ; 3.53 V             ; -0.0325 V          ; 0.324 V                             ; 0.176 V                             ; 6.87e-10 s                 ; 8.14e-10 s                 ; No                        ; Yes                       ;
; ~ALTERA_TDO~ ; 2.5 V        ; 0 s                 ; 0 s                 ; 2.62 V                       ; 1.68e-07 V                   ; 2.73 V              ; -0.0396 V           ; 0.362 V                              ; 0.108 V                              ; 3.11e-10 s                  ; 4.42e-10 s                  ; No                         ; Yes                        ; 2.62 V                      ; 1.68e-07 V                  ; 2.73 V             ; -0.0396 V          ; 0.362 V                             ; 0.108 V                             ; 3.11e-10 s                 ; 4.42e-10 s                 ; No                        ; Yes                       ;
+--------------+--------------+---------------------+---------------------+------------------------------+------------------------------+---------------------+---------------------+--------------------------------------+--------------------------------------+-----------------------------+-----------------------------+----------------------------+----------------------------+-----------------------------+-----------------------------+--------------------+--------------------+-------------------------------------+-------------------------------------+----------------------------+----------------------------+---------------------------+---------------------------+


+---------------------------------------------------------------------------------------------+
; Setup Transfers                                                                             ;
+------------------------+------------------------+----------+----------+----------+----------+
; From Clock             ; To Clock               ; RR Paths ; FR Paths ; RF Paths ; FF Paths ;
+------------------------+------------------------+----------+----------+----------+----------+
; clk                    ; clk                    ; 6452     ; 0        ; 0        ; 0        ;
; fifo_rdclk             ; clk                    ; 23400    ; 0        ; 0        ; 0        ;
; pdm_clk_gen            ; clk                    ; 1        ; 1        ; 0        ; 0        ;
; clk                    ; fifo_rdclk             ; 700      ; 0        ; 0        ; 0        ;
; fifo_rdclk             ; fifo_rdclk             ; 13325    ; 0        ; 0        ; 0        ;
; gen_ACC_clk:gpc|outclk ; fifo_rdclk             ; 200      ; 0        ; 0        ; 0        ;
; fifo_rdclk             ; gen_ACC_clk:gpc|outclk ; 200      ; 0        ; 0        ; 0        ;
; gen_ACC_clk:gpc|outclk ; gen_ACC_clk:gpc|outclk ; 11325    ; 0        ; 0        ; 0        ;
; pdm_clk_gen            ; gen_ACC_clk:gpc|outclk ; 775      ; 0        ; 0        ; 0        ;
; gen_ACC_clk:gpc|outclk ; pdm_clk_gen            ; 402      ; 2        ; 0        ; 0        ;
; pdm_clk_gen            ; pdm_clk_gen            ; 4882     ; 0        ; 0        ; 0        ;
+------------------------+------------------------+----------+----------+----------+----------+
Entries labeled "false path" only account for clock-to-clock false paths and not path-based false paths. As a result, actual path counts may be lower than reported.


+---------------------------------------------------------------------------------------------+
; Hold Transfers                                                                              ;
+------------------------+------------------------+----------+----------+----------+----------+
; From Clock             ; To Clock               ; RR Paths ; FR Paths ; RF Paths ; FF Paths ;
+------------------------+------------------------+----------+----------+----------+----------+
; clk                    ; clk                    ; 6452     ; 0        ; 0        ; 0        ;
; fifo_rdclk             ; clk                    ; 23400    ; 0        ; 0        ; 0        ;
; pdm_clk_gen            ; clk                    ; 1        ; 1        ; 0        ; 0        ;
; clk                    ; fifo_rdclk             ; 700      ; 0        ; 0        ; 0        ;
; fifo_rdclk             ; fifo_rdclk             ; 13325    ; 0        ; 0        ; 0        ;
; gen_ACC_clk:gpc|outclk ; fifo_rdclk             ; 200      ; 0        ; 0        ; 0        ;
; fifo_rdclk             ; gen_ACC_clk:gpc|outclk ; 200      ; 0        ; 0        ; 0        ;
; gen_ACC_clk:gpc|outclk ; gen_ACC_clk:gpc|outclk ; 11325    ; 0        ; 0        ; 0        ;
; pdm_clk_gen            ; gen_ACC_clk:gpc|outclk ; 775      ; 0        ; 0        ; 0        ;
; gen_ACC_clk:gpc|outclk ; pdm_clk_gen            ; 402      ; 2        ; 0        ; 0        ;
; pdm_clk_gen            ; pdm_clk_gen            ; 4882     ; 0        ; 0        ; 0        ;
+------------------------+------------------------+----------+----------+----------+----------+
Entries labeled "false path" only account for clock-to-clock false paths and not path-based false paths. As a result, actual path counts may be lower than reported.


---------------
; Report TCCS ;
---------------
No dedicated SERDES Transmitter circuitry present in device or used in design


---------------
; Report RSKM ;
---------------
No non-DPA dedicated SERDES Receiver circuitry present in device or used in design


+------------------------------------------------+
; Unconstrained Paths Summary                    ;
+---------------------------------+-------+------+
; Property                        ; Setup ; Hold ;
+---------------------------------+-------+------+
; Illegal Clocks                  ; 0     ; 0    ;
; Unconstrained Clocks            ; 0     ; 0    ;
; Unconstrained Input Ports       ; 27    ; 27   ;
; Unconstrained Input Port Paths  ; 280   ; 280  ;
; Unconstrained Output Ports      ; 3     ; 3    ;
; Unconstrained Output Port Paths ; 3     ; 3    ;
+---------------------------------+-------+------+


+----------------------------------------------------------------------+
; Clock Status Summary                                                 ;
+------------------------+------------------------+------+-------------+
; Target                 ; Clock                  ; Type ; Status      ;
+------------------------+------------------------+------+-------------+
; clk                    ; clk                    ; Base ; Constrained ;
; fifo_rdclk             ; fifo_rdclk             ; Base ; Constrained ;
; gen_ACC_clk:gpc|outclk ; gen_ACC_clk:gpc|outclk ; Base ; Constrained ;
; pdm_clk_gen            ; pdm_clk_gen            ; Base ; Constrained ;
+------------------------+------------------------+------+-------------+


+---------------------------------------------------------------------------------------------------+
; Unconstrained Input Ports                                                                         ;
+------------+--------------------------------------------------------------------------------------+
; Input Port ; Comment                                                                              ;
+------------+--------------------------------------------------------------------------------------+
; pdm[0]     ; No input delay, min/max delays, false-path exceptions, or max skew assignments found ;
; pdm[1]     ; No input delay, min/max delays, false-path exceptions, or max skew assignments found ;
; pdm[2]     ; No input delay, min/max delays, false-path exceptions, or max skew assignments found ;
; pdm[3]     ; No input delay, min/max delays, false-path exceptions, or max skew assignments found ;
; pdm[4]     ; No input delay, min/max delays, false-path exceptions, or max skew assignments found ;
; pdm[5]     ; No input delay, min/max delays, false-path exceptions, or max skew assignments found ;
; pdm[6]     ; No input delay, min/max delays, false-path exceptions, or max skew assignments found ;
; pdm[7]     ; No input delay, min/max delays, false-path exceptions, or max skew assignments found ;
; pdm[8]     ; No input delay, min/max delays, false-path exceptions, or max skew assignments found ;
; pdm[9]     ; No input delay, min/max delays, false-path exceptions, or max skew assignments found ;
; pdm[10]    ; No input delay, min/max delays, false-path exceptions, or max skew assignments found ;
; pdm[11]    ; No input delay, min/max delays, false-path exceptions, or max skew assignments found ;
; pdm[12]    ; No input delay, min/max delays, false-path exceptions, or max skew assignments found ;
; pdm[13]    ; No input delay, min/max delays, false-path exceptions, or max skew assignments found ;
; pdm[14]    ; No input delay, min/max delays, false-path exceptions, or max skew assignments found ;
; pdm[15]    ; No input delay, min/max delays, false-path exceptions, or max skew assignments found ;
; pdm[16]    ; No input delay, min/max delays, false-path exceptions, or max skew assignments found ;
; pdm[17]    ; No input delay, min/max delays, false-path exceptions, or max skew assignments found ;
; pdm[18]    ; No input delay, min/max delays, false-path exceptions, or max skew assignments found ;
; pdm[19]    ; No input delay, min/max delays, false-path exceptions, or max skew assignments found ;
; pdm[20]    ; No input delay, min/max delays, false-path exceptions, or max skew assignments found ;
; pdm[21]    ; No input delay, min/max delays, false-path exceptions, or max skew assignments found ;
; pdm[22]    ; No input delay, min/max delays, false-path exceptions, or max skew assignments found ;
; pdm[23]    ; No input delay, min/max delays, false-path exceptions, or max skew assignments found ;
; pdm[24]    ; No input delay, min/max delays, false-path exceptions, or max skew assignments found ;
; sck        ; No input delay, min/max delays, false-path exceptions, or max skew assignments found ;
; ssel       ; No input delay, min/max delays, false-path exceptions, or max skew assignments found ;
+------------+--------------------------------------------------------------------------------------+


+-----------------------------------------------------------------------------------------------------+
; Unconstrained Output Ports                                                                          ;
+-------------+---------------------------------------------------------------------------------------+
; Output Port ; Comment                                                                               ;
+-------------+---------------------------------------------------------------------------------------+
; accum_clk   ; No output delay, min/max delays, false-path exceptions, or max skew assignments found ;
; miso        ; No output delay, min/max delays, false-path exceptions, or max skew assignments found ;
; pdm_clk     ; No output delay, min/max delays, false-path exceptions, or max skew assignments found ;
+-------------+---------------------------------------------------------------------------------------+


+---------------------------------------------------------------------------------------------------+
; Unconstrained Input Ports                                                                         ;
+------------+--------------------------------------------------------------------------------------+
; Input Port ; Comment                                                                              ;
+------------+--------------------------------------------------------------------------------------+
; pdm[0]     ; No input delay, min/max delays, false-path exceptions, or max skew assignments found ;
; pdm[1]     ; No input delay, min/max delays, false-path exceptions, or max skew assignments found ;
; pdm[2]     ; No input delay, min/max delays, false-path exceptions, or max skew assignments found ;
; pdm[3]     ; No input delay, min/max delays, false-path exceptions, or max skew assignments found ;
; pdm[4]     ; No input delay, min/max delays, false-path exceptions, or max skew assignments found ;
; pdm[5]     ; No input delay, min/max delays, false-path exceptions, or max skew assignments found ;
; pdm[6]     ; No input delay, min/max delays, false-path exceptions, or max skew assignments found ;
; pdm[7]     ; No input delay, min/max delays, false-path exceptions, or max skew assignments found ;
; pdm[8]     ; No input delay, min/max delays, false-path exceptions, or max skew assignments found ;
; pdm[9]     ; No input delay, min/max delays, false-path exceptions, or max skew assignments found ;
; pdm[10]    ; No input delay, min/max delays, false-path exceptions, or max skew assignments found ;
; pdm[11]    ; No input delay, min/max delays, false-path exceptions, or max skew assignments found ;
; pdm[12]    ; No input delay, min/max delays, false-path exceptions, or max skew assignments found ;
; pdm[13]    ; No input delay, min/max delays, false-path exceptions, or max skew assignments found ;
; pdm[14]    ; No input delay, min/max delays, false-path exceptions, or max skew assignments found ;
; pdm[15]    ; No input delay, min/max delays, false-path exceptions, or max skew assignments found ;
; pdm[16]    ; No input delay, min/max delays, false-path exceptions, or max skew assignments found ;
; pdm[17]    ; No input delay, min/max delays, false-path exceptions, or max skew assignments found ;
; pdm[18]    ; No input delay, min/max delays, false-path exceptions, or max skew assignments found ;
; pdm[19]    ; No input delay, min/max delays, false-path exceptions, or max skew assignments found ;
; pdm[20]    ; No input delay, min/max delays, false-path exceptions, or max skew assignments found ;
; pdm[21]    ; No input delay, min/max delays, false-path exceptions, or max skew assignments found ;
; pdm[22]    ; No input delay, min/max delays, false-path exceptions, or max skew assignments found ;
; pdm[23]    ; No input delay, min/max delays, false-path exceptions, or max skew assignments found ;
; pdm[24]    ; No input delay, min/max delays, false-path exceptions, or max skew assignments found ;
; sck        ; No input delay, min/max delays, false-path exceptions, or max skew assignments found ;
; ssel       ; No input delay, min/max delays, false-path exceptions, or max skew assignments found ;
+------------+--------------------------------------------------------------------------------------+


+-----------------------------------------------------------------------------------------------------+
; Unconstrained Output Ports                                                                          ;
+-------------+---------------------------------------------------------------------------------------+
; Output Port ; Comment                                                                               ;
+-------------+---------------------------------------------------------------------------------------+
; accum_clk   ; No output delay, min/max delays, false-path exceptions, or max skew assignments found ;
; miso        ; No output delay, min/max delays, false-path exceptions, or max skew assignments found ;
; pdm_clk     ; No output delay, min/max delays, false-path exceptions, or max skew assignments found ;
+-------------+---------------------------------------------------------------------------------------+


+--------------------------+
; Timing Analyzer Messages ;
+--------------------------+
Info: *******************************************************************
Info: Running Quartus Prime Timing Analyzer
    Info: Version 19.1.0 Build 670 09/22/2019 SJ Lite Edition
    Info: Processing started: Mon Nov 25 22:50:20 2019
Info: Command: quartus_sta pdm_to_pcm -c pdm_to_pcm
Info: qsta_default_script.tcl version: #1
Warning (18236): Number of processors has not been specified which may cause overloading on shared machines.  Set the global assignment NUM_PARALLEL_PROCESSORS in your QSF to an appropriate value for best performance.
Info (20030): Parallel compilation is enabled and will use 8 of the 8 processors detected
Info (21077): Low junction temperature is 0 degrees C
Info (21077): High junction temperature is 85 degrees C
Info (332164): Evaluating HDL-embedded SDC commands
    Info (332165): Entity dcfifo_csi1
        Info (332166): set_false_path -from *rdptr_g* -to *ws_dgrp|dffpipe_7v8:dffpipe9|dffe10a* 
        Info (332166): set_false_path -from *delayed_wrptr_g* -to *rs_dgwp|dffpipe_6v8:dffpipe6|dffe7a* 
Critical Warning (332012): Synopsys Design Constraints File file not found: 'pdm_to_pcm.sdc'. A Synopsys Design Constraints File is required by the Timing Analyzer to get proper timing constraints. Without it, the Compiler will not properly optimize the design.
Info (332142): No user constrained base clocks found in the design. Calling "derive_clocks -period 1.0"
Info (332105): Deriving Clocks
    Info (332105): create_clock -period 1.000 -name clk clk
    Info (332105): create_clock -period 1.000 -name fifo_rdclk fifo_rdclk
    Info (332105): create_clock -period 1.000 -name gen_ACC_clk:gpc|outclk gen_ACC_clk:gpc|outclk
    Info (332105): create_clock -period 1.000 -name pdm_clk_gen pdm_clk_gen
Info (332143): No user constrained clock uncertainty found in the design. Calling "derive_clock_uncertainty"
Info (332123): Deriving Clock Uncertainty. Please refer to report_sdc in the Timing Analyzer to see clock uncertainties.
Info: Found TIMING_ANALYZER_REPORT_SCRIPT_INCLUDE_DEFAULT_ANALYSIS = ON
Info: Analyzing Slow 1200mV 85C Model
Info: Can't run Report Timing Closure Recommendations. The current device family is not supported.
Critical Warning (332148): Timing requirements not met
Info (332146): Worst-case setup slack is -8.769
    Info (332119):     Slack       End Point TNS Clock 
    Info (332119): ========= =================== =====================
    Info (332119):    -8.769            -301.302 clk 
    Info (332119):    -5.181           -1437.943 pdm_clk_gen 
    Info (332119):    -3.829           -2160.846 fifo_rdclk 
    Info (332119):    -3.643           -1823.450 gen_ACC_clk:gpc|outclk 
Info (332146): Worst-case hold slack is 0.303
    Info (332119):     Slack       End Point TNS Clock 
    Info (332119): ========= =================== =====================
    Info (332119):     0.303               0.000 gen_ACC_clk:gpc|outclk 
    Info (332119):     0.316               0.000 fifo_rdclk 
    Info (332119):     0.341               0.000 clk 
    Info (332119):     0.486               0.000 pdm_clk_gen 
Info (332140): No Recovery paths to report
Info (332140): No Removal paths to report
Info (332146): Worst-case minimum pulse width slack is -3.901
    Info (332119):     Slack       End Point TNS Clock 
    Info (332119): ========= =================== =====================
    Info (332119):    -3.901           -2178.850 fifo_rdclk 
    Info (332119):    -3.901           -1891.100 gen_ACC_clk:gpc|outclk 
    Info (332119):    -3.901            -806.631 pdm_clk_gen 
    Info (332119):    -3.000             -90.733 clk 
Info (332114): Report Metastability: Found 425 synchronizer chains.
    Info (332114): Design MTBF is not calculated because the design doesn't meet its timing requirements.
Info: Analyzing Slow 1200mV 0C Model
Info (334003): Started post-fitting delay annotation
Info (334004): Delay annotation completed successfully
Info (332123): Deriving Clock Uncertainty. Please refer to report_sdc in the Timing Analyzer to see clock uncertainties.
Critical Warning (332148): Timing requirements not met
Info (332146): Worst-case setup slack is -8.333
    Info (332119):     Slack       End Point TNS Clock 
    Info (332119): ========= =================== =====================
    Info (332119):    -8.333            -284.841 clk 
    Info (332119):    -4.761           -1321.112 pdm_clk_gen 
    Info (332119):    -3.640           -2006.856 fifo_rdclk 
    Info (332119):    -3.364           -1693.732 gen_ACC_clk:gpc|outclk 
Info (332146): Worst-case hold slack is 0.273
    Info (332119):     Slack       End Point TNS Clock 
    Info (332119): ========= =================== =====================
    Info (332119):     0.273               0.000 gen_ACC_clk:gpc|outclk 
    Info (332119):     0.285               0.000 fifo_rdclk 
    Info (332119):     0.305               0.000 clk 
    Info (332119):     0.435               0.000 pdm_clk_gen 
Info (332140): No Recovery paths to report
Info (332140): No Removal paths to report
Info (332146): Worst-case minimum pulse width slack is -3.901
    Info (332119):     Slack       End Point TNS Clock 
    Info (332119): ========= =================== =====================
    Info (332119):    -3.901           -2178.850 fifo_rdclk 
    Info (332119):    -3.901           -1891.100 gen_ACC_clk:gpc|outclk 
    Info (332119):    -3.901            -806.631 pdm_clk_gen 
    Info (332119):    -3.000             -90.733 clk 
Info (332114): Report Metastability: Found 425 synchronizer chains.
    Info (332114): Design MTBF is not calculated because the design doesn't meet its timing requirements.
Info: Analyzing Fast 1200mV 0C Model
Info (332123): Deriving Clock Uncertainty. Please refer to report_sdc in the Timing Analyzer to see clock uncertainties.
Critical Warning (332148): Timing requirements not met
Info (332146): Worst-case setup slack is -2.878
    Info (332119):     Slack       End Point TNS Clock 
    Info (332119): ========= =================== =====================
    Info (332119):    -2.878             -88.311 clk 
    Info (332119):    -1.555            -328.728 pdm_clk_gen 
    Info (332119):    -0.973            -390.331 fifo_rdclk 
    Info (332119):    -0.899            -296.665 gen_ACC_clk:gpc|outclk 
Info (332146): Worst-case hold slack is 0.100
    Info (332119):     Slack       End Point TNS Clock 
    Info (332119): ========= =================== =====================
    Info (332119):     0.100               0.000 fifo_rdclk 
    Info (332119):     0.102               0.000 gen_ACC_clk:gpc|outclk 
    Info (332119):     0.143               0.000 clk 
    Info (332119):     0.152               0.000 pdm_clk_gen 
Info (332140): No Recovery paths to report
Info (332140): No Removal paths to report
Info (332146): Worst-case minimum pulse width slack is -3.000
    Info (332119):     Slack       End Point TNS Clock 
    Info (332119): ========= =================== =====================
    Info (332119):    -3.000             -64.145 clk 
    Info (332119):    -1.000           -1150.000 gen_ACC_clk:gpc|outclk 
    Info (332119):    -1.000           -1100.000 fifo_rdclk 
    Info (332119):    -1.000            -497.000 pdm_clk_gen 
Info (332114): Report Metastability: Found 425 synchronizer chains.
    Info (332114): Design MTBF is not calculated because the design doesn't meet its timing requirements.
Info (332102): Design is not fully constrained for setup requirements
Info (332102): Design is not fully constrained for hold requirements
Info: Quartus Prime Timing Analyzer was successful. 0 errors, 6 warnings
    Info: Peak virtual memory: 940 megabytes
    Info: Processing ended: Mon Nov 25 22:50:23 2019
    Info: Elapsed time: 00:00:03
    Info: Total CPU time (on all processors): 00:00:06


