------------------------------------------------------------
Timing Analyzer Summary
------------------------------------------------------------

Type  : Slow 1200mV 85C Model Setup 'clk'
Slack : -18.053
TNS   : -591.903

Type  : Slow 1200mV 85C Model Setup 'pdm_clk_gen'
Slack : -5.062
TNS   : -384.978

Type  : Slow 1200mV 85C Model Setup 'fifo_rdclk'
Slack : -3.681
TNS   : -797.875

Type  : Slow 1200mV 85C Model Setup 'gen_ACC_clk:gpc|outclk'
Slack : -3.307
TNS   : -628.444

Type  : Slow 1200mV 85C Model Hold 'gen_ACC_clk:gpc|outclk'
Slack : 0.287
TNS   : 0.000

Type  : Slow 1200mV 85C Model Hold 'fifo_rdclk'
Slack : 0.332
TNS   : 0.000

Type  : Slow 1200mV 85C Model Hold 'clk'
Slack : 0.341
TNS   : 0.000

Type  : Slow 1200mV 85C Model Hold 'pdm_clk_gen'
Slack : 0.342
TNS   : 0.000

Type  : Slow 1200mV 85C Model Minimum Pulse Width 'fifo_rdclk'
Slack : -3.901
TNS   : -784.386

Type  : Slow 1200mV 85C Model Minimum Pulse Width 'gen_ACC_clk:gpc|outclk'
Slack : -3.901
TNS   : -680.796

Type  : Slow 1200mV 85C Model Minimum Pulse Width 'clk'
Slack : -3.901
TNS   : -378.787

Type  : Slow 1200mV 85C Model Minimum Pulse Width 'pdm_clk_gen'
Slack : -3.901
TNS   : -214.843

Type  : Slow 1200mV 0C Model Setup 'clk'
Slack : -16.580
TNS   : -545.350

Type  : Slow 1200mV 0C Model Setup 'pdm_clk_gen'
Slack : -4.666
TNS   : -351.222

Type  : Slow 1200mV 0C Model Setup 'fifo_rdclk'
Slack : -3.479
TNS   : -741.543

Type  : Slow 1200mV 0C Model Setup 'gen_ACC_clk:gpc|outclk'
Slack : -3.111
TNS   : -584.219

Type  : Slow 1200mV 0C Model Hold 'gen_ACC_clk:gpc|outclk'
Slack : 0.261
TNS   : 0.000

Type  : Slow 1200mV 0C Model Hold 'fifo_rdclk'
Slack : 0.298
TNS   : 0.000

Type  : Slow 1200mV 0C Model Hold 'clk'
Slack : 0.305
TNS   : 0.000

Type  : Slow 1200mV 0C Model Hold 'pdm_clk_gen'
Slack : 0.307
TNS   : 0.000

Type  : Slow 1200mV 0C Model Minimum Pulse Width 'fifo_rdclk'
Slack : -3.901
TNS   : -784.386

Type  : Slow 1200mV 0C Model Minimum Pulse Width 'gen_ACC_clk:gpc|outclk'
Slack : -3.901
TNS   : -680.796

Type  : Slow 1200mV 0C Model Minimum Pulse Width 'clk'
Slack : -3.901
TNS   : -378.787

Type  : Slow 1200mV 0C Model Minimum Pulse Width 'pdm_clk_gen'
Slack : -3.901
TNS   : -214.843

Type  : Fast 1200mV 0C Model Setup 'clk'
Slack : -5.974
TNS   : -143.401

Type  : Fast 1200mV 0C Model Setup 'pdm_clk_gen'
Slack : -1.375
TNS   : -88.269

Type  : Fast 1200mV 0C Model Setup 'fifo_rdclk'
Slack : -0.928
TNS   : -151.386

Type  : Fast 1200mV 0C Model Setup 'gen_ACC_clk:gpc|outclk'
Slack : -0.756
TNS   : -105.046

Type  : Fast 1200mV 0C Model Hold 'clk'
Slack : 0.094
TNS   : 0.000

Type  : Fast 1200mV 0C Model Hold 'gen_ACC_clk:gpc|outclk'
Slack : 0.094
TNS   : 0.000

Type  : Fast 1200mV 0C Model Hold 'pdm_clk_gen'
Slack : 0.094
TNS   : 0.000

Type  : Fast 1200mV 0C Model Hold 'fifo_rdclk'
Slack : 0.109
TNS   : 0.000

Type  : Fast 1200mV 0C Model Minimum Pulse Width 'clk'
Slack : -3.000
TNS   : -228.460

Type  : Fast 1200mV 0C Model Minimum Pulse Width 'gen_ACC_clk:gpc|outclk'
Slack : -1.000
TNS   : -414.000

Type  : Fast 1200mV 0C Model Minimum Pulse Width 'fifo_rdclk'
Slack : -1.000
TNS   : -396.000

Type  : Fast 1200mV 0C Model Minimum Pulse Width 'pdm_clk_gen'
Slack : -1.000
TNS   : -125.000

------------------------------------------------------------
